  ▲ Next.js 14.2.18
  - Environments: .env.local
  - Experiments (use with caution):
    · missingSuspenseWithCSRBailout

   Creating an optimized production build ...
 ✓ Compiled successfully
   Skipping validation of types
   Skipping linting
   Collecting page data ...
npx : ⚠️  Node.js 18 and below are deprecated and will no longer be supported in future versions of 
@supabase/supabase-js. Please upgrade to Node.js 20 or later. For more information, visit: 
https://github.com/orgs/supabase/discussions/37217
No linha:1 caractere:220
+ ... Azevedo\node-v18.19.0-win-x64;$env:PATH"; npx next build 2>&1 | Out-F ...
+                                               ~~~~~~~~~~~~~~~~~~~
    + CategoryInfo          : NotSpecified: (⚠️  Node.js 18 ...scussions/37217:String) [], RemoteException
    + FullyQualifiedErrorId : NativeCommandError
 
⚠️  Node.js 18 and below are deprecated and will no longer be supported in future versions of @supabase/supabase-js. 
Please upgrade to Node.js 20 or later. For more information, visit: https://github.com/orgs/supabase/discussions/37217
⚠️  Node.js 18 and below are deprecated and will no longer be supported in future versions of @supabase/supabase-js. 
Please upgrade to Node.js 20 or later. For more information, visit: https://github.com/orgs/supabase/discussions/37217
⚠️  Node.js 18 and below are deprecated and will no longer be supported in future versions of @supabase/supabase-js. 
Please upgrade to Node.js 20 or later. For more information, visit: https://github.com/orgs/supabase/discussions/37217
⚠️  Node.js 18 and below are deprecated and will no longer be supported in future versions of @supabase/supabase-js. 
Please upgrade to Node.js 20 or later. For more information, visit: https://github.com/orgs/supabase/discussions/37217
⚠️  Node.js 18 and below are deprecated and will no longer be supported in future versions of @supabase/supabase-js. 
Please upgrade to Node.js 20 or later. For more information, visit: https://github.com/orgs/supabase/discussions/37217
⚠️  Node.js 18 and below are deprecated and will no longer be supported in future versions of @supabase/supabase-js. 
Please upgrade to Node.js 20 or later. For more information, visit: https://github.com/orgs/supabase/discussions/37217
   Generating static pages (0/55) ...
   Generating static pages (13/55) 
   Generating static pages (27/55) 
   Generating static pages (41/55) 
 ✓ Generating static pages (55/55)
   Finalizing page optimization ...
   Collecting build traces ...

Route (app)                              Size     First Load JS
┌ ƒ /                                    7.65 kB         168 kB
├ ƒ /_not-found                          158 B          87.5 kB
├ ƒ /admin                               4.09 kB         153 kB
├ ƒ /admin/admins                        2.68 kB         151 kB
├ ƒ /admin/ai-pricing                    4.72 kB        92.1 kB
├ ƒ /admin/auctions                      2 kB           89.4 kB
├ ƒ /admin/audit-logs                    3.44 kB         152 kB
├ ƒ /admin/categories                    3.69 kB         152 kB
├ ƒ /admin/charities                     1.52 kB        88.9 kB
├ ƒ /admin/commercial                    9.81 kB        97.2 kB
├ ƒ /admin/commissions                   1.09 kB        88.4 kB
├ ƒ /admin/donations                     2.08 kB        89.4 kB
├ ƒ /admin/escrow                        5.63 kB          93 kB
├ ƒ /admin/flash-offers                  1.76 kB        89.1 kB
├ ƒ /admin/geo                           1.84 kB        89.2 kB
├ ƒ /admin/login                         3.68 kB         157 kB
├ ƒ /admin/notifications                 2.43 kB         151 kB
├ ƒ /admin/orders                        3.66 kB         152 kB
├ ƒ /admin/payments                      2.07 kB        89.4 kB
├ ƒ /admin/products                      4 kB            153 kB
├ ƒ /admin/reports                       1.86 kB        89.2 kB
├ ƒ /admin/settings                      5.14 kB         154 kB
├ ƒ /admin/splits                        1.95 kB        89.3 kB
├ ƒ /admin/support                       1.7 kB         89.1 kB
├ ƒ /admin/users                         14.2 kB         163 kB
├ ƒ /admin/videos                        2.38 kB        89.7 kB
├ ƒ /api/admin/delete-user               0 B                0 B
├ ƒ /api/admin/users                     0 B                0 B
├ ƒ /api/ai/pricing                      0 B                0 B
├ ƒ /api/ai/pricing/market               0 B                0 B
├ ƒ /api/cron/escrow-auto-release        0 B                0 B
├ ƒ /api/escrow/admin/release            0 B                0 B
├ ƒ /api/escrow/admin/resolve            0 B                0 B
├ ƒ /api/escrow/confirm                  0 B                0 B
├ ƒ /api/escrow/deliver                  0 B                0 B
├ ƒ /api/escrow/dispute                  0 B                0 B
├ ƒ /api/escrow/hold                     0 B                0 B
├ ƒ /api/escrow/ship                     0 B                0 B
├ ƒ /auth/callback                       0 B                0 B
├ ƒ /chat                                5.25 kB         154 kB
├ ƒ /checkout                            7.41 kB         163 kB
├ ƒ /dashboard                           15 kB           175 kB
├ ƒ /favorites                           3.06 kB         163 kB
├ ƒ /login                               5.57 kB         166 kB
├ ƒ /notifications                       6.07 kB         162 kB
├ ƒ /offline                             192 B          99.4 kB
├ ƒ /onboarding                          3.95 kB        96.4 kB
├ ƒ /orders                              8.27 kB         157 kB
├ ƒ /orders/[id]                         57 kB           211 kB
├ ƒ /privacy                             7.01 kB        94.4 kB
├ ƒ /product/[id]                        11.3 kB         171 kB
├ ƒ /product/new                         15.4 kB         171 kB
├ ƒ /register                            13.5 kB         174 kB
├ ƒ /search                              4.46 kB         164 kB
├ ○ /sitemap.xml                         0 B                0 B
└ ƒ /terms                               7.97 kB        95.3 kB
+ First Load JS shared by all            87.4 kB
  ├ chunks/2117-bb3b40329e4d0c3d.js      31.6 kB
  ├ chunks/fd9d1056-f4c82f6084bcad19.js  53.6 kB
  └ other shared chunks (total)          2.13 kB


ƒ Middleware                             80.1 kB

○  (Static)   prerendered as static content
ƒ  (Dynamic)  server-rendered on demand

